// Jest Snapshot v1, https://goo.gl/fbAQLP

exports[`<SelectGroup /> should match snapshot 1`] = `
<div>
  <select
    class="form-control"
    data-custom="5"
    id="color"
    name="color"
    required=""
    style="color:red;font-size:16px"
  >
    <option
      value=""
    >
      -- Select Color --
    </option>
    <option
      value="red"
    >
      Red
    </option>
  </select>
</div>
`;
